ERROR:root:no this element:Message: 

ERROR:root:no this element:Message: 

ERROR:root:no this element:Message: 

ERROR:root:no this element:Message: 

ERROR:root:no this element:Message: 

ERROR:root:no this element:Message: chrome not reachable
  (Session info: chrome=70.0.3538.102)
  (Driver info: chromedriver=2.43.600210 (68dcf5eebde37173d4027fa8635e332711d2874a),platform=Windows NT 6.1.7601 SP1 x86_64)

ERROR:root:no this element:Message: 

ERROR:root:no this element:Message: 

